[2025-09-27 11:15:15.304] - 1 1 1 1 1 1 1 1 1 1 11
[2025-09-27 11:15:16.353] - 1 1 1 1 1 1 1 1 1 1 11
[2025-09-27 11:15:17.611] - 1 1 1 1 1 1 1 1 1 1 11
[2025-09-27 11:15:18.600] - 1 1 1 1 1 1 1 1 1 1 11
[2025-09-27 11:15:19.357] - 1 1 1 1 1 1 1 1 1 1 11
[2025-09-27 11:15:20.530] - 1 1 1 1 1 1 1 1 1 1 11
[2025-09-27 11:15:21.211] - 1 1 1 1 1 1 1 1 1 1 11
[2025-09-27 11:15:22.211] - 1 1 1 1 1 1 1 1 1 1 11
[2025-09-27 11:15:23.289] - 1 1 1 1 1 1 1 1 1 1 11
[2025-09-27 11:15:24.386] - 1 1 1 1 1 1 1 1 1 1 11
[2025-09-27 11:15:25.947] - 1 1 1 1 1 1 1 1 1 1 11
[2025-09-27 11:15:27.124] - 1 1 1 1 1 1 1 1 1 1 11
[2025-09-27 11:15:28.990] - 1 1 1 1 1 1 1 1 1 1 11
[2025-09-27 11:15:30.387] - 1 1 1 1 1 1 1 1 1 1 11
[2025-09-27 11:15:32.074] - 2 2 2 2 2 2 2 2 2 2 22
[2025-09-27 11:15:32.883] - 2 2 2 2 2 2 2 2 2 2 22
[2025-09-27 11:15:33.445] - 2 2 2 2 2 2 2 2 2 2 22
[2025-09-27 11:17:01.428] - 111111111111111111111111111111
[2025-09-27 11:17:02.793] - 1111111111
[2025-09-27 11:17:04.050] - 1111111111
[2025-09-27 11:17:05.928] - 1111111111
[2025-09-27 11:17:06.989] - 1111111111
[2025-09-27 11:17:08.250] - 1111111111
[2025-09-27 11:17:10.825] - 11111111111111111111
[2025-09-27 11:17:12.630] - 1111111111
[2025-09-27 11:17:13.938] - 1111111111
[2025-09-27 11:17:15.555] - 1111111111
[2025-09-27 11:17:17.518] - 1111111111
[2025-09-27 11:17:18.683] - 2222222222
[2025-09-27 11:17:20.299] - 2222222222
[2025-09-27 11:17:23.126] - 22222222222222222222
[2025-09-27 11:17:24.495] - 2222222222
[2025-09-27 11:17:26.116] - 2222222222
[2025-09-27 11:17:27.827] - 2222222222
[2025-09-27 11:17:29.803] - 2222222222
[2025-09-27 11:17:30.955] - 2222222222
[2025-09-27 11:17:32.023] - 2222222222
[2025-09-27 11:17:33.587] - 2222222222
[2025-09-27 11:17:36.375] - 22222222222222222222
[2025-09-27 11:17:37.883] - 2222222222
[2025-09-27 11:17:39.347] - 3333333333
[2025-09-27 11:17:41.209] - 3333333333
[2025-09-27 11:17:42.948] - 33333333333333333333
[2025-09-27 11:17:46.179] - 333333333333333333333333333333
[2025-09-27 11:17:48.049] - 3333333333
[2025-09-27 11:17:49.557] - 3333333333
[2025-09-27 11:17:51.592] - 3333333333
[2025-09-27 11:17:53.867] - 33333333333333333333
[2025-09-27 11:17:56.490] - 33333333333333333333
[2025-09-27 11:17:58.973] - 33333333333333333333
[2025-09-27 11:18:01.089] - 44444444444444444444
[2025-09-27 11:18:02.658] - 4444444444
[2025-09-27 11:18:03.666] - 4444444444
[2025-09-27 11:18:05.438] - 4444444444
[2025-09-27 11:18:07.406] - 44444444444444444444
[2025-09-27 11:18:08.465] - 4444444444
[2025-09-27 11:18:09.989] - 4444444444
[2025-09-27 11:18:13.263] - 444444444444444444444444444444
[2025-09-27 11:18:15.693] - 44444444444444444444
[2025-09-27 11:18:17.015] - 4444444444
[2025-09-27 11:18:18.226] - 4444444444
[2025-09-27 11:18:19.544] - 4444444444
[2025-09-27 11:18:21.210] - 5555555555
[2025-09-27 11:18:22.870] - 5555555555
[2025-09-27 11:18:24.236] - 5555555555
[2025-09-27 11:18:26.209] - 5555555555
[2025-09-27 11:18:27.527] - 5555555555
[2025-09-27 11:18:30.110] - 55555555555555555555
[2025-09-27 11:18:31.632] - 55555555555555555555
[2025-09-27 11:18:33.445] - 55555555555555555555
[2025-09-27 11:18:35.975] - 55555555555555555555
[2025-09-27 11:18:37.283] - 5555555555
[2025-09-27 11:18:40.161] - 55555555555555555555
[2025-09-27 11:18:41.171] - 5555555555
[2025-09-27 11:18:43.189] - 66666666666666666666
[2025-09-27 11:18:44.914] - 6666666666
[2025-09-27 11:18:46.483] - 6666666666
[2025-09-27 11:18:48.349] - 6666666666
[2025-09-27 11:18:50.680] - 66666666666666666666
[2025-09-27 11:18:53.105] - 66666666666666666666
[2025-09-27 11:18:54.425] - 6666666666
[2025-09-27 11:18:55.528] - 6666666666
[2025-09-27 11:18:57.961] - 66666666666666666666
[2025-09-27 11:18:59.824] - 6666666666
[2025-09-27 11:19:02.351] - 66666666666666666666
[2025-09-27 11:19:03.410] - 7777777777
[2025-09-27 11:19:04.824] - 7777777777
[2025-09-27 11:19:07.904] - 777777777777777777777777777777
[2025-09-27 11:19:09.724] - 7777777777
[2025-09-27 11:19:11.292] - 7777777777
[2025-09-27 11:19:12.460] - 7777777777
[2025-09-27 11:19:14.168] - 7777777777
[2025-09-27 11:19:16.043] - 7777777777
[2025-09-27 11:19:17.144] - 7777777777
[2025-09-27 11:19:18.316] - 7777777777
[2025-09-27 11:19:19.886] - 7777777777
[2025-09-27 11:19:21.706] - 7777777777
[2025-09-27 11:19:24.486] - 777777777788888888888888888888
[2025-09-27 11:19:26.563] - 88888888888888888888
[2025-09-27 11:19:27.584] - 8888888888
[2025-09-27 11:19:28.641] - 8888888888
[2025-09-27 11:19:30.367] - 8888888888
[2025-09-27 11:19:33.194] - 888888888888888888888888888888
[2025-09-27 11:19:34.558] - 8888888888
[2025-09-27 11:19:36.233] - 8888888888
[2025-09-27 11:19:37.693] - 8888888888
[2025-09-27 11:19:38.859] - 8888888888
[2025-09-27 11:19:41.043] - 88888888888888888888
[2025-09-27 11:19:42.256] - 8888888888
[2025-09-27 11:19:44.274] - 88888888889999999999
[2025-09-27 11:19:46.141] - 9999999999
[2025-09-27 11:19:47.959] - 9999999999
[2025-09-27 11:19:50.140] - 99999999999999999999
[2025-09-27 11:19:51.401] - 9999999999
[2025-09-27 11:19:55.098] - 9999999999999999999999999999999999999999
[2025-09-27 11:19:57.624] - 99999999999999999999
[2025-09-27 11:19:59.344] - 9999999999
[2025-09-27 11:20:01.006] - 9999999999
[2025-09-27 11:20:02.985] - 9999999999
[2025-09-27 11:20:04.043] - 9999999999
[2025-09-27 11:20:05.411] - 1111111111
[2025-09-27 11:20:08.752] - 1111111111111111111111111111111111111111
[2025-09-27 11:20:10.477] - 1111111111
[2025-09-27 11:20:11.985] - 1111111111
[2025-09-27 11:20:13.754] - 1111111111
[2025-09-27 11:20:14.767] - 1111111111
[2025-09-27 11:20:18.003] - 111111111111111111111111111111
[2025-09-27 11:20:19.775] - 11111111111111111111
[2025-09-27 11:20:21.496] - 1111111111
[2025-09-27 11:20:23.364] - 1111111111
[2025-09-27 11:20:24.635] - 1111111111
[2025-09-27 11:20:25.690] - 2222222222
[2025-09-27 11:20:27.555] - 2222222222
[2025-09-27 11:20:30.278] - 22222222222222222222
[2025-09-27 11:20:32.459] - 22222222222222222222
[2025-09-27 11:20:33.875] - 2222222222
[2025-09-27 11:20:35.541] - 2222222222
[2025-09-27 11:20:36.997] - 2222222222
[2025-09-27 11:20:39.580] - 22222222222222222222
[2025-09-27 11:20:43.770] - 22222222222222222222222222222222222222222222222222
[2025-09-27 11:20:45.497] - 2222222222
[2025-09-27 11:20:46.909] - 3333333333
[2025-09-27 11:20:48.416] - 3333333333
[2025-09-27 11:20:49.923] - 3333333333
[2025-09-27 11:20:51.396] - 3333333333
[2025-09-27 11:20:53.312] - 3333333333
[2025-09-27 11:20:54.932] - 3333333333
[2025-09-27 11:20:56.392] - 3333333333
[2025-09-27 11:20:58.715] - 33333333333333333333
[2025-09-27 11:21:00.375] - 3333333333
[2025-09-27 11:21:02.239] - 3333333333
[2025-09-27 11:21:03.963] - 3333333333
[2025-09-27 11:21:05.570] - 33333333333333333333
[2025-09-27 11:21:06.742] - 3333333333
[2025-09-27 11:21:07.990] - 4444444444
[2025-09-27 11:21:09.860] - 4444444444
[2025-09-27 11:21:11.479] - 4444444444
[2025-09-27 11:21:13.438] - 4444444444
[2025-09-27 11:21:15.924] - 44444444444444444444
[2025-09-27 11:21:17.088] - 4444444444
[2025-09-27 11:21:18.809] - 4444444444
[2025-09-27 11:21:20.480] - 44444444444444444444
[2025-09-27 11:21:22.346] - 4444444444
[2025-09-27 11:21:25.782] - 4444444444444444444444444444444444444444
[2025-09-27 11:21:28.253] - 44444444445555555555
[2025-09-27 11:21:29.965] - 5555555555
[2025-09-27 11:21:31.527] - 55555555555555555555
[2025-09-27 11:21:32.739] - 5555555555
[2025-09-27 11:21:33.797] - 5555555555
[2025-09-27 11:21:34.977] - 5555555555
[2025-09-27 11:21:36.033] - 5555555555
[2025-09-27 11:21:38.452] - 55555555555555555555
[2025-09-27 11:21:40.735] - 55555555555555555555
[2025-09-27 11:21:42.043] - 5555555555
[2025-09-27 11:21:43.254] - 5555555555
[2025-09-27 11:21:45.075] - 5555555555
[2025-09-27 11:21:47.146] - 55555555555555555555
[2025-09-27 11:21:49.166] - 66666666666666666666
[2025-09-27 11:21:50.188] - 6666666666
[2025-09-27 11:21:51.847] - 6666666666
[2025-09-27 11:21:52.856] - 6666666666
[2025-09-27 11:21:55.844] - 666666666666666666666666666666
[2025-09-27 11:21:57.053] - 6666666666
[2025-09-27 11:21:58.062] - 6666666666
[2025-09-27 13:01:52.697] - 1111111111
[2025-09-27 13:01:55.778] - 111111111111111111111111111111
[2025-09-27 13:01:56.894] - 1111111111
[2025-09-27 13:01:57.963] - 1111111111
[2025-09-27 13:01:59.219] - 1111111111
[2025-09-27 13:02:00.592] - 1111111111
[2025-09-27 13:02:01.803] - 1111111111
[2025-09-27 13:02:03.472] - 1111111111
[2025-09-27 13:02:05.040] - 1111111111
[2025-09-27 13:02:08.645] - 1111111111111111111111111111111111111111
[2025-09-27 13:02:11.033] - 111111111111111111111111111111
[2025-09-27 13:02:13.002] - 2222222222
[2025-09-27 13:02:14.012] - 2222222222
[2025-09-27 13:02:16.961] - 222222222222222222222222222222
[2025-09-27 13:02:18.063] - 2222222222
[2025-09-27 13:02:20.860] - 22222222222222222222
[2025-09-27 13:02:22.828] - 2222222222
[2025-09-27 13:02:24.490] - 2222222222
[2025-09-27 13:02:25.856] - 2222222222
[2025-09-27 13:02:27.834] - 22222222222222222222
[2025-09-27 13:02:29.543] - 2222222222
[2025-09-27 13:02:31.191] - 2222222222
[2025-09-27 13:02:32.711] - 2222222222
[2025-09-27 13:02:34.282] - 3333333333
[2025-09-27 13:02:35.600] - 3333333333
[2025-09-27 13:02:37.360] - 3333333333
[2025-09-27 13:02:40.159] - 333333333333333333333333333333
[2025-09-27 13:02:41.621] - 3333333333
[2025-09-27 13:02:43.390] - 33333333333333333333
[2025-09-27 13:02:45.719] - 33333333333333333333
[2025-09-27 13:02:47.134] - 3333333333
[2025-09-27 13:02:49.723] - 33333333333333333333
[2025-09-27 13:02:51.793] - 33333333333333333333
[2025-09-27 13:02:53.066] - 3333333333
[2025-09-27 13:02:55.959] - 44444444444444444444
[2025-09-27 13:02:57.780] - 44444444444444444444
[2025-09-27 13:02:59.704] - 4444444444
[2025-09-27 13:03:03.295] - 444444444444444444444444444444
[2025-09-27 13:03:05.668] - 44444444444444444444
[2025-09-27 13:03:08.302] - 44444444444444444444
[2025-09-27 13:03:09.418] - 4444444444
[2025-09-27 13:03:11.392] - 4444444444
[2025-09-27 13:03:12.560] - 4444444444
[2025-09-27 13:03:13.819] - 4444444444
[2025-09-27 13:03:15.485] - 5555555555
[2025-09-27 13:03:18.829] - 555555555555555555555555555555
[2025-09-27 13:03:20.191] - 5555555555
[2025-09-27 13:03:21.666] - 5555555555
[2025-09-27 13:03:22.932] - 5555555555
[2025-09-27 13:03:24.290] - 5555555555
[2025-09-27 13:03:25.455] - 5555555555
[2025-09-27 13:03:27.380] - 5555555555
[2025-09-27 13:03:29.209] - 55555555555555555555
[2025-09-27 13:03:30.914] - 5555555555
[2025-09-27 13:03:31.935] - 5555555555
[2025-09-27 13:03:33.854] - 5555555555
[2025-09-27 13:03:35.611] - 6666666666
[2025-09-27 13:03:37.338] - 6666666666
[2025-09-27 13:03:39.203] - 6666666666
[2025-09-27 13:03:41.235] - 6666666666
[2025-09-27 13:03:42.495] - 6666666666
[2025-09-27 13:03:44.455] - 6666666666
[2025-09-27 13:03:47.045] - 66666666666666666666
[2025-09-27 13:03:48.965] - 6666666666
[2025-09-27 13:03:50.677] - 6666666666
[2025-09-27 13:03:52.550] - 6666666666
[2025-09-27 13:03:55.837] - 666666666666666666667777777777
[2025-09-27 13:03:57.547] - 7777777777
[2025-09-27 13:03:58.716] - 7777777777
[2025-09-27 13:04:01.908] - 777777777777777777777777777777
[2025-09-27 13:04:04.491] - 77777777777777777777
[2025-09-27 13:04:06.200] - 7777777777
[2025-09-27 13:04:08.117] - 77777777777777777777
[2025-09-27 13:04:11.818] - 7777777777777777777777777777777777777777
[2025-09-27 13:04:14.294] - 77777777777777777777
[2025-09-27 13:04:16.206] - 8888888888
[2025-09-27 13:04:17.626] - 8888888888
[2025-09-27 13:04:19.956] - 88888888888888888888
[2025-09-27 13:04:21.012] - 8888888888
[2025-09-27 13:04:23.027] - 88888888888888888888
[2025-09-27 13:04:25.054] - 8888888888
[2025-09-27 13:04:26.881] - 8888888888
[2025-09-27 13:04:29.700] - 88888888888888888888
[2025-09-27 13:04:31.421] - 8888888888
[2025-09-27 13:04:33.854] - 88888888888888888888
[2025-09-27 13:04:35.221] - 8888888888
[2025-09-27 13:04:36.541] - 9999999999
[2025-09-27 13:04:38.110] - 9999999999
[2025-09-27 13:04:41.895] - 9999999999999999999999999999999999999999
[2025-09-27 13:04:44.621] - 99999999999999999999
[2025-09-27 13:04:46.237] - 9999999999
[2025-09-27 13:04:47.920] - 99999999999999999999
[2025-09-27 13:04:49.678] - 9999999999
[2025-09-27 13:04:51.091] - 9999999999
[2025-09-27 13:04:52.866] - 9999999999
[2025-09-27 13:04:54.020] - 9999999999
[2025-09-27 13:04:55.341] - 9999999999
[2025-09-27 13:04:56.713] - 1111111111
[2025-09-27 13:04:59.390] - 1111111111111111111111111111111111111111
[2025-09-27 13:05:01.812] - 11111111111111111111
[2025-09-27 13:05:02.932] - 1111111111
[2025-09-27 13:05:04.440] - 1111111111
[2025-09-27 13:05:05.761] - 1111111111
[2025-09-27 13:05:08.436] - 11111111111111111111
[2025-09-27 13:05:10.462] - 11111111111111111111
[2025-09-27 13:05:12.382] - 1111111111
[2025-09-27 13:05:14.090] - 1111111111
[2025-09-27 13:05:16.012] - 1111111111
[2025-09-27 13:05:17.590] - 2222222222
[2025-09-27 13:05:18.795] - 2222222222
[2025-09-27 13:05:21.429] - 22222222222222222222
[2025-09-27 13:05:22.736] - 2222222222
[2025-09-27 13:05:24.512] - 2222222222
[2025-09-27 13:05:26.839] - 22222222222222222222
[2025-09-27 13:05:28.302] - 2222222222
[2025-09-27 13:05:30.114] - 2222222222
[2025-09-27 13:05:33.048] - 222222222222222222222222222222
[2025-09-27 13:05:35.631] - 22222222222222222222
[2025-09-27 13:05:37.541] - 2222222222
[2025-09-27 13:05:39.359] - 33333333333333333333
[2025-09-27 13:05:41.083] - 3333333333
[2025-09-27 13:05:43.051] - 3333333333
[2025-09-27 13:05:44.968] - 3333333333
[2025-09-27 13:05:46.178] - 3333333333
[2025-09-27 13:05:47.498] - 3333333333
[2025-09-27 13:05:48.917] - 3333333333
[2025-09-27 13:05:50.380] - 3333333333
[2025-09-27 13:05:51.643] - 3333333333
[2025-09-27 13:05:52.760] - 3333333333
[2025-09-27 13:05:55.179] - 333333333333333333333333333333
[2025-09-27 13:05:56.991] - 3333333333
[2025-09-27 13:05:58.710] - 4444444444
[2025-09-27 13:06:00.440] - 4444444444
[2025-09-27 13:06:01.502] - 4444444444
[2025-09-27 13:06:02.608] - 4444444444
[2025-09-27 13:06:04.277] - 44444444444444444444
[2025-09-27 13:06:05.540] - 4444444444
[2025-09-27 13:06:08.157] - 44444444444444444444
[2025-09-27 13:06:13.015] - 44444444444444444444444444444444444444444444444444
[2025-09-27 13:06:14.542] - 4444444444
[2025-09-27 13:06:15.801] - 4444444444
[2025-09-27 13:06:20.242] - 44444444444444444444555555555555555555555555555555
[2025-09-27 13:06:22.718] - 55555555555555555555
[2025-09-27 13:06:25.407] - 55555555555555555555
[2025-09-27 13:06:27.421] - 5555555555
[2025-09-27 13:06:29.182] - 5555555555
[2025-09-27 13:06:30.393] - 5555555555
[2025-09-27 13:06:33.134] - 55555555555555555555
[2025-09-27 13:06:34.941] - 5555555555
[2025-09-27 13:06:36.053] - 5555555555
[2025-09-27 13:06:38.586] - 55555555555555555555
[2025-09-27 13:06:40.607] - 66666666666666666666
[2025-09-27 13:06:42.072] - 6666666666
[2025-09-27 13:06:44.643] - 66666666666666666666
[2025-09-27 13:06:45.652] - 6666666666
[2025-09-27 13:06:48.082] - 66666666666666666666
[2025-09-27 13:06:49.950] - 6666666666
[2025-09-27 13:06:51.318] - 6666666666
[2025-09-27 13:06:52.489] - 6666666666
[2025-09-27 13:06:54.307] - 6666666666
[2025-09-27 13:06:56.638] - 66666666666666666666
[2025-09-27 13:06:59.520] - 666666666666666666666666666666
[2025-09-27 13:07:00.628] - 7777777777
[2025-09-27 13:07:04.273] - 7777777777777777777777777777777777777777
[2025-09-27 13:07:05.629] - 7777777777
[2025-09-27 13:07:07.999] - 77777777777777777777
[2025-09-27 13:07:10.404] - 77777777777777777777
[2025-09-27 13:07:11.572] - 7777777777
[2025-09-27 13:07:12.973] - 7777777777
[2025-09-27 13:07:14.746] - 7777777777
[2025-09-27 13:07:16.066] - 7777777777
